Removed Pin From Net: NetName=TMC_GND Pin=FB1-1
Change Component Footprint: Designator=U42 Old Footprint=TMC2209 New Footprint=MODULE_TMC2209_SILENTSTEPSTICK
Change Component Footprint: Designator=U43 Old Footprint=TMC2209 New Footprint=MODULE_TMC2209_SILENTSTEPSTICK
Change Component Footprint: Designator=U44 Old Footprint=TMC2209 New Footprint=MODULE_TMC2209_SILENTSTEPSTICK
Change Component Footprint: Designator=U45 Old Footprint=TMC2209 New Footprint=MODULE_TMC2209_SILENTSTEPSTICK
Change Comment: Unknown Component : M6
Change Comment: Unknown Component : M7
Change Comment: Unknown Component : M8
Change Comment: Unknown Component : M9
Change Component Comment : Designator=U42 Old Comment=Comment New Comment=TMC2240_SILENTSTEPSTICK
Change Component Comment : Designator=U43 Old Comment=Comment New Comment=TMC2240_SILENTSTEPSTICK
Change Component Comment : Designator=U44 Old Comment=Comment New Comment=TMC2240_SILENTSTEPSTICK
Change Component Comment : Designator=U45 Old Comment=Comment New Comment=TMC2240_SILENTSTEPSTICK
Change component parameters: Component "M6" not found
Change component parameters: Component "M7" not found
Change component parameters: Component "M8" not found
Change component parameters: Component "M9" not found
Change component parameters: Designator = "U42" ("U42"); Footprint = "TMC2209"; UniqueID = "\XEGQIEOQ" ("\XEGQIEOQ")
Change component parameters (AddParameter): Name = "Availability"; Value = "In Stock"; VariantName = "[No Variations]"
Change component parameters (AddParameter): Name = "Check_prices"; Value = "https://www.snapeda.com/parts/TMC2209%20SILENTSTEPSTICK/Trinamic/view-part/?ref=eda"; VariantName = "[No Variations]"
Change component parameters (AddParameter): Name = "Description_1"; Value = "\n                        \n                            TMC2209 Motor Controller/Driver Power Management Evaluation Board\n                        \n"; VariantName = "[No Variations]"
Change component parameters (AddParameter): Name = "MANUFACTURER"; Value = "Trinamic Motion Control GmbH"; VariantName = "[No Variations]"
Change component parameters (AddParameter): Name = "MF"; Value = "Trinamic Motion Control GmbH"; VariantName = "[No Variations]"
Change component parameters (AddParameter): Name = "MP"; Value = "TMC2209 SILENTSTEPSTICK"; VariantName = "[No Variations]"
Change component parameters (AddParameter): Name = "Package"; Value = "None"; VariantName = "[No Variations]"
Change component parameters (AddParameter): Name = "PARTREV"; Value = "1.20"; VariantName = "[No Variations]"
Change component parameters (AddParameter): Name = "Price"; Value = "None"; VariantName = "[No Variations]"
Change component parameters (AddParameter): Name = "SnapEDA_Link"; Value = "https://www.snapeda.com/parts/TMC2209%20SILENTSTEPSTICK/Trinamic/view-part/?ref=snap"; VariantName = "[No Variations]"
Change component parameters (AddParameter): Name = "SNAPEDA_PN"; Value = "TMC2209 SILENTSTEPSTICK"; VariantName = "[No Variations]"
Change component parameters (AddParameter): Name = "STANDARD"; Value = "Manufacturer Recommendations"; VariantName = "[No Variations]"
Change component parameters (AddParameter): Name = "Value"; Value = "TMC2240_SILENTSTEPSTICK"; VariantName = "[No Variations]"
Change component parameters: Designator = "U43" ("U43"); Footprint = "TMC2209"; UniqueID = "\SMXLDRCB" ("\SMXLDRCB")
Change component parameters (AddParameter): Name = "Availability"; Value = "In Stock"; VariantName = "[No Variations]"
Change component parameters (AddParameter): Name = "Check_prices"; Value = "https://www.snapeda.com/parts/TMC2209%20SILENTSTEPSTICK/Trinamic/view-part/?ref=eda"; VariantName = "[No Variations]"
Change component parameters (AddParameter): Name = "Description_1"; Value = "\n                        \n                            TMC2209 Motor Controller/Driver Power Management Evaluation Board\n                        \n"; VariantName = "[No Variations]"
Change component parameters (AddParameter): Name = "MANUFACTURER"; Value = "Trinamic Motion Control GmbH"; VariantName = "[No Variations]"
Change component parameters (AddParameter): Name = "MF"; Value = "Trinamic Motion Control GmbH"; VariantName = "[No Variations]"
Change component parameters (AddParameter): Name = "MP"; Value = "TMC2209 SILENTSTEPSTICK"; VariantName = "[No Variations]"
Change component parameters (AddParameter): Name = "Package"; Value = "None"; VariantName = "[No Variations]"
Change component parameters (AddParameter): Name = "PARTREV"; Value = "1.20"; VariantName = "[No Variations]"
Change component parameters (AddParameter): Name = "Price"; Value = "None"; VariantName = "[No Variations]"
Change component parameters (AddParameter): Name = "SnapEDA_Link"; Value = "https://www.snapeda.com/parts/TMC2209%20SILENTSTEPSTICK/Trinamic/view-part/?ref=snap"; VariantName = "[No Variations]"
Change component parameters (AddParameter): Name = "SNAPEDA_PN"; Value = "TMC2209 SILENTSTEPSTICK"; VariantName = "[No Variations]"
Change component parameters (AddParameter): Name = "STANDARD"; Value = "Manufacturer Recommendations"; VariantName = "[No Variations]"
Change component parameters (AddParameter): Name = "Value"; Value = "TMC2240_SILENTSTEPSTICK"; VariantName = "[No Variations]"
Change component parameters: Designator = "U44" ("U44"); Footprint = "TMC2209"; UniqueID = "\QLVGQOYD" ("\QLVGQOYD")
Change component parameters (AddParameter): Name = "Availability"; Value = "In Stock"; VariantName = "[No Variations]"
Change component parameters (AddParameter): Name = "Check_prices"; Value = "https://www.snapeda.com/parts/TMC2209%20SILENTSTEPSTICK/Trinamic/view-part/?ref=eda"; VariantName = "[No Variations]"
Change component parameters (AddParameter): Name = "Description_1"; Value = "\n                        \n                            TMC2209 Motor Controller/Driver Power Management Evaluation Board\n                        \n"; VariantName = "[No Variations]"
Change component parameters (AddParameter): Name = "MANUFACTURER"; Value = "Trinamic Motion Control GmbH"; VariantName = "[No Variations]"
Change component parameters (AddParameter): Name = "MF"; Value = "Trinamic Motion Control GmbH"; VariantName = "[No Variations]"
Change component parameters (AddParameter): Name = "MP"; Value = "TMC2209 SILENTSTEPSTICK"; VariantName = "[No Variations]"
Change component parameters (AddParameter): Name = "Package"; Value = "None"; VariantName = "[No Variations]"
Change component parameters (AddParameter): Name = "PARTREV"; Value = "1.20"; VariantName = "[No Variations]"
Change component parameters (AddParameter): Name = "Price"; Value = "None"; VariantName = "[No Variations]"
Change component parameters (AddParameter): Name = "SnapEDA_Link"; Value = "https://www.snapeda.com/parts/TMC2209%20SILENTSTEPSTICK/Trinamic/view-part/?ref=snap"; VariantName = "[No Variations]"
Change component parameters (AddParameter): Name = "SNAPEDA_PN"; Value = "TMC2209 SILENTSTEPSTICK"; VariantName = "[No Variations]"
Change component parameters (AddParameter): Name = "STANDARD"; Value = "Manufacturer Recommendations"; VariantName = "[No Variations]"
Change component parameters (AddParameter): Name = "Value"; Value = "TMC2240_SILENTSTEPSTICK"; VariantName = "[No Variations]"
Change component parameters: Designator = "U45" ("U45"); Footprint = "TMC2209"; UniqueID = "\SSCIFMZY" ("\SSCIFMZY")
Change component parameters (AddParameter): Name = "Availability"; Value = "In Stock"; VariantName = "[No Variations]"
Change component parameters (AddParameter): Name = "Check_prices"; Value = "https://www.snapeda.com/parts/TMC2209%20SILENTSTEPSTICK/Trinamic/view-part/?ref=eda"; VariantName = "[No Variations]"
Change component parameters (AddParameter): Name = "Description_1"; Value = "\n                        \n                            TMC2209 Motor Controller/Driver Power Management Evaluation Board\n                        \n"; VariantName = "[No Variations]"
Change component parameters (AddParameter): Name = "MANUFACTURER"; Value = "Trinamic Motion Control GmbH"; VariantName = "[No Variations]"
Change component parameters (AddParameter): Name = "MF"; Value = "Trinamic Motion Control GmbH"; VariantName = "[No Variations]"
Change component parameters (AddParameter): Name = "MP"; Value = "TMC2209 SILENTSTEPSTICK"; VariantName = "[No Variations]"
Change component parameters (AddParameter): Name = "Package"; Value = "None"; VariantName = "[No Variations]"
Change component parameters (AddParameter): Name = "PARTREV"; Value = "1.20"; VariantName = "[No Variations]"
Change component parameters (AddParameter): Name = "Price"; Value = "None"; VariantName = "[No Variations]"
Change component parameters (AddParameter): Name = "SnapEDA_Link"; Value = "https://www.snapeda.com/parts/TMC2209%20SILENTSTEPSTICK/Trinamic/view-part/?ref=snap"; VariantName = "[No Variations]"
Change component parameters (AddParameter): Name = "SNAPEDA_PN"; Value = "TMC2209 SILENTSTEPSTICK"; VariantName = "[No Variations]"
Change component parameters (AddParameter): Name = "STANDARD"; Value = "Manufacturer Recommendations"; VariantName = "[No Variations]"
Change component parameters (AddParameter): Name = "Value"; Value = "TMC2240_SILENTSTEPSTICK"; VariantName = "[No Variations]"
Add Pin To Net: Unknown Pin: Pin C29-2
Add Pin To Net: Unknown Pin: Pin C30-2
Add Pin To Net: Unknown Pin: Pin C31-2
Add Pin To Net: Unknown Pin: Pin C32-2
Add Pin To Net: Unknown Pin: Pin R56-1
Add Pin To Net: Unknown Pin: Pin R56-2
Add Pin To Net: Unknown Pin: Pin R57-1
Add Pin To Net: Unknown Pin: Pin R57-2
Add Pin To Net: Unknown Pin: Pin R58-2
Add Pin To Net: Unknown Pin: Pin R59-2
Add Pin To Net: Unknown Pin: Pin R60-2
Add Pin To Net: Unknown Pin: Pin R61-2
Add Pin To Net: Unknown Pin: Pin R62-1
Add Pin To Net: Unknown Pin: Pin R62-2
Add Pin To Net: Unknown Pin: Pin R63-1
Add Pin To Net: Unknown Pin: Pin R63-2
Add Pin To Net: Unknown Pin: Pin R64-2
Add Pin To Net: Unknown Pin: Pin R65-2
Add Pin To Net: Unknown Pin: Pin R66-2
Add Pin To Net: Unknown Pin: Pin R67-2
Change Net Name : Old Net Name=Net-(M6--) New Net Name=NetM6_3
Change Net Name : Old Net Name=Net-(M7--) New Net Name=NetM7_3
Change Net Name : Old Net Name=Net-(M8--) New Net Name=NetM8_3
Change Net Name : Old Net Name=Net-(M9--) New Net Name=NetM9_3
Change Net Name : Old Net Name=Net-(U42-M1A) New Net Name=NetM6_6
Change Net Name : Old Net Name=Net-(U42-M2A) New Net Name=NetM6_4
Change Net Name : Old Net Name=Net-(U42-M2B) New Net Name=NetM6_1
Change Net Name : Old Net Name=Net-(U43-M1A) New Net Name=NetM7_6
Change Net Name : Old Net Name=Net-(U43-M2A) New Net Name=NetM7_4
Change Net Name : Old Net Name=Net-(U43-M2B) New Net Name=NetM7_1
Change Net Name : Old Net Name=Net-(U44-M1A) New Net Name=NetM8_6
Change Net Name : Old Net Name=Net-(U44-M2A) New Net Name=NetM8_4
Change Net Name : Old Net Name=Net-(U44-M2B) New Net Name=NetM8_1
Change Net Name : Old Net Name=Net-(U45-M1A) New Net Name=NetM9_6
Change Net Name : Old Net Name=Net-(U45-M2A) New Net Name=NetM9_4
Change Net Name : Old Net Name=Net-(U45-M2B) New Net Name=NetM9_1
Change Net Name : Old Net Name=TMC_VIO New Net Name=tmc2240_vio
Added Pin To Net: NetName=M1_vmot Pin=U42-8
Added Net: Name=M1_vmot
Added Pin To Net: NetName=M2_vmot Pin=U44-8
Added Net: Name=M2_vmot
Added Pin To Net: NetName=M3_vmot Pin=U43-8
Added Net: Name=M3_vmot
Added Pin To Net: NetName=M4_vmot Pin=U45-8
Added Net: Name=M4_vmot
Added Pin To Net: NetName=NetD8_1 Pin=U42-17
Added Net: Name=NetD8_1
Added Net: Name=NetD8_2
Added Pin To Net: NetName=NetD9_1 Pin=U43-17
Added Net: Name=NetD9_1
Added Net: Name=NetD9_2
Added Pin To Net: NetName=NetD10_1 Pin=U44-17
Added Net: Name=NetD10_1
Added Net: Name=NetD10_2
Added Pin To Net: NetName=NetD11_1 Pin=U45-17
Added Net: Name=NetD11_1
Added Net: Name=NetD11_2
Added Class: Name=4x tmc5160
