Drill report for CM4IOv5.kicad_pcb
Created on 2025-06-03T12:14:16+0200

Copper Layer Stackup:
    =============================================================
    L1 :  F.Cu                      front
    L2 :  In1.Cu                    in1
    L3 :  In2.Cu                    in2
    L4 :  B.Cu                      back


Drill file 'CM4IOv5-PTH.drl' contains
    plated through holes:
    =============================================================
    T1  0,250mm  0,0098"  (781 holes)
    T2  0,250mm  0,0098"  (16 holes)
    T3  0,650mm  0,0256"  (2 holes)  (with 2 slots)
    T4  0,700mm  0,0276"  (38 holes)  (with 2 slots)
    T5  0,800mm  0,0315"  (3 holes)  (with 3 slots)
    T6  0,900mm  0,0354"  (26 holes)  (with 8 slots)
    T7  1,000mm  0,0394"  (86 holes)
    T8  1,020mm  0,0402"  (8 holes)
    T9  1,700mm  0,0669"  (2 holes)
    T10  2,300mm  0,0906"  (4 holes)

    Total plated holes count 966


Drill file 'CM4IOv5-NPTH.drl' contains
    unplated through holes:
    =============================================================
    T1  1,100mm  0,0433"  (1 hole)
    T2  2,350mm  0,0925"  (2 holes)
    T3  2,700mm  0,1063"  (12 holes)
    T4  3,200mm  0,1260"  (2 holes)

    Total unplated holes count 17
